Archive member included to satisfy reference by file (symbol)

/usr/local/gcc-arm-none-eabi-5_2-2015q4/bin/../lib/gcc/arm-none-eabi/5.2.1/../../../../arm-none-eabi/lib/armv7e-m/fpu/libc_nano.a(lib_a-exit.o)
                              /usr/local/gcc-arm-none-eabi-5_2-2015q4/bin/../lib/gcc/arm-none-eabi/5.2.1/../../../../arm-none-eabi/lib/armv7e-m/fpu/crt0.o (exit)
/usr/local/gcc-arm-none-eabi-5_2-2015q4/bin/../lib/gcc/arm-none-eabi/5.2.1/../../../../arm-none-eabi/lib/armv7e-m/fpu/libc_nano.a(lib_a-impure.o)
                              /usr/local/gcc-arm-none-eabi-5_2-2015q4/bin/../lib/gcc/arm-none-eabi/5.2.1/../../../../arm-none-eabi/lib/armv7e-m/fpu/libc_nano.a(lib_a-exit.o) (_global_impure_ptr)
/usr/local/gcc-arm-none-eabi-5_2-2015q4/bin/../lib/gcc/arm-none-eabi/5.2.1/../../../../arm-none-eabi/lib/armv7e-m/fpu/libc_nano.a(lib_a-init.o)
                              /usr/local/gcc-arm-none-eabi-5_2-2015q4/bin/../lib/gcc/arm-none-eabi/5.2.1/../../../../arm-none-eabi/lib/armv7e-m/fpu/crt0.o (__libc_init_array)
/usr/local/gcc-arm-none-eabi-5_2-2015q4/bin/../lib/gcc/arm-none-eabi/5.2.1/../../../../arm-none-eabi/lib/armv7e-m/fpu/libc_nano.a(lib_a-memset.o)
                              /usr/local/gcc-arm-none-eabi-5_2-2015q4/bin/../lib/gcc/arm-none-eabi/5.2.1/../../../../arm-none-eabi/lib/armv7e-m/fpu/crt0.o (memset)
/usr/local/gcc-arm-none-eabi-5_2-2015q4/bin/../lib/gcc/arm-none-eabi/5.2.1/../../../../arm-none-eabi/lib/armv7e-m/fpu/libnosys.a(_exit.o)
                              /usr/local/gcc-arm-none-eabi-5_2-2015q4/bin/../lib/gcc/arm-none-eabi/5.2.1/../../../../arm-none-eabi/lib/armv7e-m/fpu/libc_nano.a(lib_a-exit.o) (_exit)

Allocating common symbols
Common symbol       size              file

uwTick              0x4               build/stm32f4xx_hal.o
pFlash              0x20              build/stm32f4xx_hal_flash.o

Discarded input sections

 .text          0x00000000        0x0 /usr/local/gcc-arm-none-eabi-5_2-2015q4/bin/../lib/gcc/arm-none-eabi/5.2.1/armv7e-m/fpu/crti.o
 .data          0x00000000        0x0 /usr/local/gcc-arm-none-eabi-5_2-2015q4/bin/../lib/gcc/arm-none-eabi/5.2.1/armv7e-m/fpu/crti.o
 .bss           0x00000000        0x0 /usr/local/gcc-arm-none-eabi-5_2-2015q4/bin/../lib/gcc/arm-none-eabi/5.2.1/armv7e-m/fpu/crti.o
 .data          0x00000000        0x4 /usr/local/gcc-arm-none-eabi-5_2-2015q4/bin/../lib/gcc/arm-none-eabi/5.2.1/armv7e-m/fpu/crtbegin.o
 .text          0x00000000       0x74 /usr/local/gcc-arm-none-eabi-5_2-2015q4/bin/../lib/gcc/arm-none-eabi/5.2.1/../../../../arm-none-eabi/lib/armv7e-m/fpu/crt0.o
 .data          0x00000000        0x0 /usr/local/gcc-arm-none-eabi-5_2-2015q4/bin/../lib/gcc/arm-none-eabi/5.2.1/../../../../arm-none-eabi/lib/armv7e-m/fpu/crt0.o
 .bss           0x00000000        0x0 /usr/local/gcc-arm-none-eabi-5_2-2015q4/bin/../lib/gcc/arm-none-eabi/5.2.1/../../../../arm-none-eabi/lib/armv7e-m/fpu/crt0.o
 .ARM.extab     0x00000000        0x0 /usr/local/gcc-arm-none-eabi-5_2-2015q4/bin/../lib/gcc/arm-none-eabi/5.2.1/../../../../arm-none-eabi/lib/armv7e-m/fpu/crt0.o
 .ARM.exidx     0x00000000        0x8 /usr/local/gcc-arm-none-eabi-5_2-2015q4/bin/../lib/gcc/arm-none-eabi/5.2.1/../../../../arm-none-eabi/lib/armv7e-m/fpu/crt0.o
 .ARM.attributes
                0x00000000       0x20 /usr/local/gcc-arm-none-eabi-5_2-2015q4/bin/../lib/gcc/arm-none-eabi/5.2.1/../../../../arm-none-eabi/lib/armv7e-m/fpu/crt0.o
 .text          0x00000000        0x0 build/stm32f4xx_hal_dma_ex.o
 .data          0x00000000        0x0 build/stm32f4xx_hal_dma_ex.o
 .bss           0x00000000        0x0 build/stm32f4xx_hal_dma_ex.o
 .text.DMA_MultiBufferSetConfig
                0x00000000       0x24 build/stm32f4xx_hal_dma_ex.o
 .text.HAL_DMAEx_MultiBufferStart
                0x00000000       0x60 build/stm32f4xx_hal_dma_ex.o
 .text.HAL_DMAEx_MultiBufferStart_IT
                0x00000000      0xe90 build/stm32f4xx_hal_dma_ex.o
 .text.HAL_DMAEx_ChangeMemory
                0x00000000       0x10 build/stm32f4xx_hal_dma_ex.o
 .debug_info    0x00000000      0x5b3 build/stm32f4xx_hal_dma_ex.o
 .debug_abbrev  0x00000000      0x166 build/stm32f4xx_hal_dma_ex.o
 .debug_loc     0x00000000      0x3f5 build/stm32f4xx_hal_dma_ex.o
 .debug_aranges
                0x00000000       0x38 build/stm32f4xx_hal_dma_ex.o
 .debug_ranges  0x00000000       0x28 build/stm32f4xx_hal_dma_ex.o
 .debug_line    0x00000000      0x83f build/stm32f4xx_hal_dma_ex.o
 .debug_str     0x00000000      0x56e build/stm32f4xx_hal_dma_ex.o
 .comment       0x00000000       0x6f build/stm32f4xx_hal_dma_ex.o
 .debug_frame   0x00000000       0x7c build/stm32f4xx_hal_dma_ex.o
 .ARM.attributes
                0x00000000       0x39 build/stm32f4xx_hal_dma_ex.o
 .text          0x00000000        0x0 build/stm32f4xx_hal_pwr_ex.o
 .data          0x00000000        0x0 build/stm32f4xx_hal_pwr_ex.o
 .bss           0x00000000        0x0 build/stm32f4xx_hal_pwr_ex.o
 .text.HAL_PWREx_EnableBkUpReg
                0x00000000       0x48 build/stm32f4xx_hal_pwr_ex.o
 .text.HAL_PWREx_DisableBkUpReg
                0x00000000       0x48 build/stm32f4xx_hal_pwr_ex.o
 .text.HAL_PWREx_EnableFlashPowerDown
                0x00000000       0x1c build/stm32f4xx_hal_pwr_ex.o
 .text.HAL_PWREx_DisableFlashPowerDown
                0x00000000       0x1c build/stm32f4xx_hal_pwr_ex.o
 .text.HAL_PWREx_GetVoltageRange
                0x00000000       0x10 build/stm32f4xx_hal_pwr_ex.o
 .text.HAL_PWREx_ControlVoltageScaling
                0x00000000       0xc8 build/stm32f4xx_hal_pwr_ex.o
 .text.HAL_PWREx_EnableMainRegulatorLowVoltage
                0x00000000       0x1c build/stm32f4xx_hal_pwr_ex.o
 .text.HAL_PWREx_DisableMainRegulatorLowVoltage
                0x00000000       0x1c build/stm32f4xx_hal_pwr_ex.o
 .text.HAL_PWREx_EnableLowRegulatorLowVoltage
                0x00000000       0x1c build/stm32f4xx_hal_pwr_ex.o
 .text.HAL_PWREx_DisableLowRegulatorLowVoltage
                0x00000000       0x1c build/stm32f4xx_hal_pwr_ex.o
 .debug_info    0x00000000      0x6fa build/stm32f4xx_hal_pwr_ex.o
 .debug_abbrev  0x00000000      0x21b build/stm32f4xx_hal_pwr_ex.o
 .debug_loc     0x00000000      0x239 build/stm32f4xx_hal_pwr_ex.o
 .debug_aranges
                0x00000000       0x68 build/stm32f4xx_hal_pwr_ex.o
 .debug_ranges  0x00000000       0x58 build/stm32f4xx_hal_pwr_ex.o
 .debug_line    0x00000000      0x2fe build/stm32f4xx_hal_pwr_ex.o
 .debug_str     0x00000000      0x4ef build/stm32f4xx_hal_pwr_ex.o
 .comment       0x00000000       0x6f build/stm32f4xx_hal_pwr_ex.o
 .debug_frame   0x00000000       0xdc build/stm32f4xx_hal_pwr_ex.o
 .ARM.attributes
                0x00000000       0x39 build/stm32f4xx_hal_pwr_ex.o
 .text          0x00000000        0x0 build/stm32f4xx_hal_rcc_ex.o
 .data          0x00000000        0x0 build/stm32f4xx_hal_rcc_ex.o
 .bss           0x00000000        0x0 build/stm32f4xx_hal_rcc_ex.o
 .text.HAL_RCCEx_PeriphCLKConfig
                0x00000000      0x18c build/stm32f4xx_hal_rcc_ex.o
 .text.HAL_RCCEx_GetPeriphCLKConfig
                0x00000000       0x64 build/stm32f4xx_hal_rcc_ex.o
 .text.HAL_RCCEx_GetPeriphCLKFreq
                0x00000000       0x74 build/stm32f4xx_hal_rcc_ex.o
 .text.HAL_RCC_DeInit
                0x00000000       0x54 build/stm32f4xx_hal_rcc_ex.o
 .debug_info    0x00000000      0x67f build/stm32f4xx_hal_rcc_ex.o
 .debug_abbrev  0x00000000      0x20a build/stm32f4xx_hal_rcc_ex.o
 .debug_loc     0x00000000      0x2e9 build/stm32f4xx_hal_rcc_ex.o
 .debug_aranges
                0x00000000       0x38 build/stm32f4xx_hal_rcc_ex.o
 .debug_ranges  0x00000000       0x28 build/stm32f4xx_hal_rcc_ex.o
 .debug_line    0x00000000      0x2e2 build/stm32f4xx_hal_rcc_ex.o
 .debug_str     0x00000000      0x4d1 build/stm32f4xx_hal_rcc_ex.o
 .comment       0x00000000       0x6f build/stm32f4xx_hal_rcc_ex.o
 .debug_frame   0x00000000       0x64 build/stm32f4xx_hal_rcc_ex.o
 .ARM.attributes
                0x00000000       0x39 build/stm32f4xx_hal_rcc_ex.o
 .text          0x00000000        0x0 build/main.o
 .data          0x00000000        0x0 build/main.o
 .bss           0x00000000        0x0 build/main.o
 .text          0x00000000        0x0 build/stm32f4xx_hal_rcc.o
 .data          0x00000000        0x0 build/stm32f4xx_hal_rcc.o
 .bss           0x00000000        0x0 build/stm32f4xx_hal_rcc.o
 .text.HAL_RCC_DeInit
                0x00000000        0x4 build/stm32f4xx_hal_rcc.o
 .text.HAL_RCC_MCOConfig
                0x00000000       0x9c build/stm32f4xx_hal_rcc.o
 .text.HAL_RCC_EnableCSS
                0x00000000        0xc build/stm32f4xx_hal_rcc.o
 .text.HAL_RCC_DisableCSS
                0x00000000        0xc build/stm32f4xx_hal_rcc.o
 .text.HAL_RCC_GetPCLK1Freq
                0x00000000       0x30 build/stm32f4xx_hal_rcc.o
 .text.HAL_RCC_GetPCLK2Freq
                0x00000000       0x30 build/stm32f4xx_hal_rcc.o
 .text.HAL_RCC_GetOscConfig
                0x00000000      0x108 build/stm32f4xx_hal_rcc.o
 .text.HAL_RCC_GetClockConfig
                0x00000000       0x3c build/stm32f4xx_hal_rcc.o
 .text.HAL_RCC_CSSCallback
                0x00000000        0x4 build/stm32f4xx_hal_rcc.o
 .text.HAL_RCC_NMI_IRQHandler
                0x00000000       0x20 build/stm32f4xx_hal_rcc.o
 .text          0x00000000        0x0 build/stm32f4xx_hal_msp.o
 .data          0x00000000        0x0 build/stm32f4xx_hal_msp.o
 .bss           0x00000000        0x0 build/stm32f4xx_hal_msp.o
 .text          0x00000000        0x0 build/stm32f4xx_hal_tim_ex.o
 .data          0x00000000        0x0 build/stm32f4xx_hal_tim_ex.o
 .bss           0x00000000        0x0 build/stm32f4xx_hal_tim_ex.o
 .debug_info    0x00000000       0xa2 build/stm32f4xx_hal_tim_ex.o
 .debug_abbrev  0x00000000       0x4b build/stm32f4xx_hal_tim_ex.o
 .debug_aranges
                0x00000000       0x18 build/stm32f4xx_hal_tim_ex.o
 .debug_line    0x00000000       0xea build/stm32f4xx_hal_tim_ex.o
 .debug_str     0x00000000      0x1d8 build/stm32f4xx_hal_tim_ex.o
 .comment       0x00000000       0x6f build/stm32f4xx_hal_tim_ex.o
 .ARM.attributes
                0x00000000       0x39 build/stm32f4xx_hal_tim_ex.o
 .text          0x00000000        0x0 build/stm32f4xx_hal_cortex.o
 .data          0x00000000        0x0 build/stm32f4xx_hal_cortex.o
 .bss           0x00000000        0x0 build/stm32f4xx_hal_cortex.o
 .text.HAL_NVIC_EnableIRQ
                0x00000000       0x18 build/stm32f4xx_hal_cortex.o
 .text.HAL_NVIC_DisableIRQ
                0x00000000       0x1c build/stm32f4xx_hal_cortex.o
 .text.HAL_NVIC_SystemReset
                0x00000000       0x24 build/stm32f4xx_hal_cortex.o
 .text.HAL_MPU_Disable
                0x00000000       0x20 build/stm32f4xx_hal_cortex.o
 .text.HAL_MPU_Enable
                0x00000000       0x24 build/stm32f4xx_hal_cortex.o
 .text.HAL_MPU_ConfigRegion
                0x00000000       0x54 build/stm32f4xx_hal_cortex.o
 .text.HAL_NVIC_GetPriorityGrouping
                0x00000000       0x10 build/stm32f4xx_hal_cortex.o
 .text.HAL_NVIC_GetPriority
                0x00000000       0x5c build/stm32f4xx_hal_cortex.o
 .text.HAL_NVIC_SetPendingIRQ
                0x00000000       0x1c build/stm32f4xx_hal_cortex.o
 .text.HAL_NVIC_GetPendingIRQ
                0x00000000       0x1c build/stm32f4xx_hal_cortex.o
 .text.HAL_NVIC_ClearPendingIRQ
                0x00000000       0x1c build/stm32f4xx_hal_cortex.o
 .text.HAL_NVIC_GetActive
                0x00000000       0x1c build/stm32f4xx_hal_cortex.o
 .text          0x00000000        0x0 build/stm32f4xx_it.o
 .data          0x00000000        0x0 build/stm32f4xx_it.o
 .bss           0x00000000        0x0 build/stm32f4xx_it.o
 .text          0x00000000        0x0 build/stm32f4xx_hal_tim.o
 .data          0x00000000        0x0 build/stm32f4xx_hal_tim.o
 .bss           0x00000000        0x0 build/stm32f4xx_hal_tim.o
 .debug_info    0x00000000       0xa2 build/stm32f4xx_hal_tim.o
 .debug_abbrev  0x00000000       0x4b build/stm32f4xx_hal_tim.o
 .debug_aranges
                0x00000000       0x18 build/stm32f4xx_hal_tim.o
 .debug_line    0x00000000       0xea build/stm32f4xx_hal_tim.o
 .debug_str     0x00000000      0x1d5 build/stm32f4xx_hal_tim.o
 .comment       0x00000000       0x6f build/stm32f4xx_hal_tim.o
 .ARM.attributes
                0x00000000       0x39 build/stm32f4xx_hal_tim.o
 .text          0x00000000        0x0 build/stm32f4xx_hal_dma.o
 .data          0x00000000        0x0 build/stm32f4xx_hal_dma.o
 .bss           0x00000000        0x0 build/stm32f4xx_hal_dma.o
 .text.DMA_SetConfig
                0x00000000       0x2c build/stm32f4xx_hal_dma.o
 .text.DMA_CalcBaseAndBitshift
                0x00000000       0x3c build/stm32f4xx_hal_dma.o
 .text.DMA_CheckFifoParam
                0x00000000       0x90 build/stm32f4xx_hal_dma.o
 .text.HAL_DMA_Init
                0x00000000       0xd0 build/stm32f4xx_hal_dma.o
 .text.HAL_DMA_DeInit
                0x00000000       0x58 build/stm32f4xx_hal_dma.o
 .text.HAL_DMA_Start
                0x00000000       0x48 build/stm32f4xx_hal_dma.o
 .text.HAL_DMA_Start_IT
                0x00000000       0x74 build/stm32f4xx_hal_dma.o
 .text.HAL_DMA_Abort
                0x00000000       0x94 build/stm32f4xx_hal_dma.o
 .text.HAL_DMA_Abort_IT
                0x00000000       0x28 build/stm32f4xx_hal_dma.o
 .text.HAL_DMA_PollForTransfer
                0x00000000      0x12c build/stm32f4xx_hal_dma.o
 .text.HAL_DMA_IRQHandler
                0x00000000      0x1e0 build/stm32f4xx_hal_dma.o
 .text.HAL_DMA_RegisterCallback
                0x00000000       0x60 build/stm32f4xx_hal_dma.o
 .text.HAL_DMA_UnRegisterCallback
                0x00000000       0x70 build/stm32f4xx_hal_dma.o
 .text.HAL_DMA_GetState
                0x00000000        0x8 build/stm32f4xx_hal_dma.o
 .text.HAL_DMA_GetError
                0x00000000        0x4 build/stm32f4xx_hal_dma.o
 .rodata.flagBitshiftOffset.6956
                0x00000000        0x8 build/stm32f4xx_hal_dma.o
 .debug_info    0x00000000      0xae4 build/stm32f4xx_hal_dma.o
 .debug_abbrev  0x00000000      0x272 build/stm32f4xx_hal_dma.o
 .debug_loc     0x00000000      0xafa build/stm32f4xx_hal_dma.o
 .debug_aranges
                0x00000000       0x90 build/stm32f4xx_hal_dma.o
 .debug_ranges  0x00000000       0x80 build/stm32f4xx_hal_dma.o
 .debug_line    0x00000000      0x4e8 build/stm32f4xx_hal_dma.o
 .debug_str     0x00000000      0x79b build/stm32f4xx_hal_dma.o
 .comment       0x00000000       0x6f build/stm32f4xx_hal_dma.o
 .debug_frame   0x00000000      0x1b4 build/stm32f4xx_hal_dma.o
 .ARM.attributes
                0x00000000       0x39 build/stm32f4xx_hal_dma.o
 .text          0x00000000        0x0 build/stm32f4xx_hal.o
 .data          0x00000000        0x0 build/stm32f4xx_hal.o
 .bss           0x00000000        0x0 build/stm32f4xx_hal.o
 .text.HAL_MspInit
                0x00000000        0x4 build/stm32f4xx_hal.o
 .text.HAL_MspDeInit
                0x00000000        0x4 build/stm32f4xx_hal.o
 .text.HAL_DeInit
                0x00000000       0x2c build/stm32f4xx_hal.o
 .text.HAL_SuspendTick
                0x00000000       0x10 build/stm32f4xx_hal.o
 .text.HAL_ResumeTick
                0x00000000       0x10 build/stm32f4xx_hal.o
 .text.HAL_GetHalVersion
                0x00000000        0x8 build/stm32f4xx_hal.o
 .text.HAL_GetREVID
                0x00000000        0xc build/stm32f4xx_hal.o
 .text.HAL_GetDEVID
                0x00000000       0x10 build/stm32f4xx_hal.o
 .text.HAL_DBGMCU_EnableDBGSleepMode
                0x00000000       0x10 build/stm32f4xx_hal.o
 .text.HAL_DBGMCU_DisableDBGSleepMode
                0x00000000       0x10 build/stm32f4xx_hal.o
 .text.HAL_DBGMCU_EnableDBGStopMode
                0x00000000       0x10 build/stm32f4xx_hal.o
 .text.HAL_DBGMCU_DisableDBGStopMode
                0x00000000       0x10 build/stm32f4xx_hal.o
 .text.HAL_DBGMCU_EnableDBGStandbyMode
                0x00000000       0x10 build/stm32f4xx_hal.o
 .text.HAL_DBGMCU_DisableDBGStandbyMode
                0x00000000       0x10 build/stm32f4xx_hal.o
 .text.HAL_EnableCompensationCell
                0x00000000       0x18 build/stm32f4xx_hal.o
 .text.HAL_DisableCompensationCell
                0x00000000       0x1c build/stm32f4xx_hal.o
 .text.HAL_GetUID
                0x00000000       0x20 build/stm32f4xx_hal.o
 .text          0x00000000        0x0 build/stm32f4xx_hal_flash_ex.o
 .data          0x00000000        0x0 build/stm32f4xx_hal_flash_ex.o
 .bss           0x00000000        0x0 build/stm32f4xx_hal_flash_ex.o
 .text.FLASH_MassErase
                0x00000000       0x24 build/stm32f4xx_hal_flash_ex.o
 .text.FLASH_OB_BOR_LevelConfig
                0x00000000       0x18 build/stm32f4xx_hal_flash_ex.o
 .text.FLASH_OB_GetUser
                0x00000000       0x10 build/stm32f4xx_hal_flash_ex.o
 .text.FLASH_OB_GetWRP
                0x00000000        0xc build/stm32f4xx_hal_flash_ex.o
 .text.FLASH_OB_GetRDP
                0x00000000       0x24 build/stm32f4xx_hal_flash_ex.o
 .text.FLASH_OB_GetBOR
                0x00000000       0x10 build/stm32f4xx_hal_flash_ex.o
 .text.FLASH_OB_EnableWRP
                0x00000000       0x24 build/stm32f4xx_hal_flash_ex.o
 .text.FLASH_OB_DisableWRP
                0x00000000       0x24 build/stm32f4xx_hal_flash_ex.o
 .text.FLASH_OB_RDP_LevelConfig
                0x00000000       0x1c build/stm32f4xx_hal_flash_ex.o
 .text.FLASH_OB_UserConfig
                0x00000000       0x2c build/stm32f4xx_hal_flash_ex.o
 .text.FLASH_OB_EnablePCROP
                0x00000000       0x24 build/stm32f4xx_hal_flash_ex.o
 .text.FLASH_OB_DisablePCROP
                0x00000000       0x24 build/stm32f4xx_hal_flash_ex.o
 .text.HAL_FLASHEx_OBProgram
                0x00000000       0x7c build/stm32f4xx_hal_flash_ex.o
 .text.HAL_FLASHEx_OBGetConfig
                0x00000000       0x24 build/stm32f4xx_hal_flash_ex.o
 .text.HAL_FLASHEx_AdvOBProgram
                0x00000000       0x24 build/stm32f4xx_hal_flash_ex.o
 .text.HAL_FLASHEx_AdvOBGetConfig
                0x00000000        0xc build/stm32f4xx_hal_flash_ex.o
 .text.HAL_FLASHEx_OB_SelectPCROP
                0x00000000       0x14 build/stm32f4xx_hal_flash_ex.o
 .text.HAL_FLASHEx_OB_DeSelectPCROP
                0x00000000       0x14 build/stm32f4xx_hal_flash_ex.o
 .text.FLASH_Erase_Sector
                0x00000000       0x60 build/stm32f4xx_hal_flash_ex.o
 .text.HAL_FLASHEx_Erase_IT
                0x00000000       0x6c build/stm32f4xx_hal_flash_ex.o
 .text.FLASH_FlushCaches
                0x00000000       0x60 build/stm32f4xx_hal_flash_ex.o
 .text.HAL_FLASHEx_Erase
                0x00000000       0x98 build/stm32f4xx_hal_flash_ex.o
 .debug_info    0x00000000      0xa44 build/stm32f4xx_hal_flash_ex.o
 .debug_abbrev  0x00000000      0x2d4 build/stm32f4xx_hal_flash_ex.o
 .debug_loc     0x00000000      0x7e0 build/stm32f4xx_hal_flash_ex.o
 .debug_aranges
                0x00000000       0xc8 build/stm32f4xx_hal_flash_ex.o
 .debug_ranges  0x00000000       0xb8 build/stm32f4xx_hal_flash_ex.o
 .debug_line    0x00000000      0x43e build/stm32f4xx_hal_flash_ex.o
 .debug_str     0x00000000      0x6a6 build/stm32f4xx_hal_flash_ex.o
 .comment       0x00000000       0x6f build/stm32f4xx_hal_flash_ex.o
 .debug_frame   0x00000000      0x214 build/stm32f4xx_hal_flash_ex.o
 .ARM.attributes
                0x00000000       0x39 build/stm32f4xx_hal_flash_ex.o
 .text          0x00000000        0x0 build/system_stm32f4xx.o
 .data          0x00000000        0x0 build/system_stm32f4xx.o
 .bss           0x00000000        0x0 build/system_stm32f4xx.o
 .text.SystemCoreClockUpdate
                0x00000000       0xa0 build/system_stm32f4xx.o
 .rodata.APBPrescTable
                0x00000000        0x8 build/system_stm32f4xx.o
 .text          0x00000000        0x0 build/stm32f4xx_hal_gpio.o
 .data          0x00000000        0x0 build/stm32f4xx_hal_gpio.o
 .bss           0x00000000        0x0 build/stm32f4xx_hal_gpio.o
 .text.HAL_GPIO_DeInit
                0x00000000       0xf4 build/stm32f4xx_hal_gpio.o
 .text.HAL_GPIO_ReadPin
                0x00000000       0x10 build/stm32f4xx_hal_gpio.o
 .text.HAL_GPIO_LockPin
                0x00000000       0x30 build/stm32f4xx_hal_gpio.o
 .text.HAL_GPIO_EXTI_Callback
                0x00000000        0x4 build/stm32f4xx_hal_gpio.o
 .text.HAL_GPIO_EXTI_IRQHandler
                0x00000000       0x18 build/stm32f4xx_hal_gpio.o
 .text          0x00000000        0x0 build/stm32f4xx_hal_flash.o
 .data          0x00000000        0x0 build/stm32f4xx_hal_flash.o
 .bss           0x00000000        0x0 build/stm32f4xx_hal_flash.o
 .text.FLASH_Program_DoubleWord
                0x00000000       0x2c build/stm32f4xx_hal_flash.o
 .text.FLASH_Program_Word
                0x00000000       0x24 build/stm32f4xx_hal_flash.o
 .text.FLASH_Program_HalfWord
                0x00000000       0x24 build/stm32f4xx_hal_flash.o
 .text.FLASH_Program_Byte
                0x00000000       0x20 build/stm32f4xx_hal_flash.o
 .text.FLASH_SetErrorCode
                0x00000000       0xa8 build/stm32f4xx_hal_flash.o
 .text.HAL_FLASH_Program_IT
                0x00000000       0x70 build/stm32f4xx_hal_flash.o
 .text.HAL_FLASH_EndOfOperationCallback
                0x00000000        0x4 build/stm32f4xx_hal_flash.o
 .text.HAL_FLASH_OperationErrorCallback
                0x00000000        0x4 build/stm32f4xx_hal_flash.o
 .text.HAL_FLASH_IRQHandler
                0x00000000       0xf8 build/stm32f4xx_hal_flash.o
 .text.HAL_FLASH_Unlock
                0x00000000       0x24 build/stm32f4xx_hal_flash.o
 .text.HAL_FLASH_Lock
                0x00000000       0x14 build/stm32f4xx_hal_flash.o
 .text.HAL_FLASH_OB_Unlock
                0x00000000       0x28 build/stm32f4xx_hal_flash.o
 .text.HAL_FLASH_OB_Lock
                0x00000000       0x14 build/stm32f4xx_hal_flash.o
 .text.HAL_FLASH_GetError
                0x00000000        0xc build/stm32f4xx_hal_flash.o
 .text.FLASH_WaitForLastOperation
                0x00000000       0x64 build/stm32f4xx_hal_flash.o
 .text.HAL_FLASH_Program
                0x00000000       0x88 build/stm32f4xx_hal_flash.o
 .text.HAL_FLASH_OB_Launch
                0x00000000       0x1c build/stm32f4xx_hal_flash.o
 .debug_info    0x00000000      0x75b build/stm32f4xx_hal_flash.o
 .debug_abbrev  0x00000000      0x250 build/stm32f4xx_hal_flash.o
 .debug_loc     0x00000000      0x379 build/stm32f4xx_hal_flash.o
 .debug_aranges
                0x00000000       0xa0 build/stm32f4xx_hal_flash.o
 .debug_ranges  0x00000000       0x90 build/stm32f4xx_hal_flash.o
 .debug_line    0x00000000      0x3d1 build/stm32f4xx_hal_flash.o
 .debug_str     0x00000000      0x569 build/stm32f4xx_hal_flash.o
 .comment       0x00000000       0x6f build/stm32f4xx_hal_flash.o
 .debug_frame   0x00000000      0x17c build/stm32f4xx_hal_flash.o
 .ARM.attributes
                0x00000000       0x39 build/stm32f4xx_hal_flash.o
 COMMON         0x00000000       0x20 build/stm32f4xx_hal_flash.o
 .text          0x00000000        0x0 build/stm32f4xx_hal_pwr.o
 .data          0x00000000        0x0 build/stm32f4xx_hal_pwr.o
 .bss           0x00000000        0x0 build/stm32f4xx_hal_pwr.o
 .text.HAL_PWR_DeInit
                0x00000000       0x18 build/stm32f4xx_hal_pwr.o
 .text.HAL_PWR_EnableBkUpAccess
                0x00000000       0x1c build/stm32f4xx_hal_pwr.o
 .text.HAL_PWR_DisableBkUpAccess
                0x00000000       0x1c build/stm32f4xx_hal_pwr.o
 .text.HAL_PWR_ConfigPVD
                0x00000000       0x84 build/stm32f4xx_hal_pwr.o
 .text.HAL_PWR_EnablePVD
                0x00000000       0x1c build/stm32f4xx_hal_pwr.o
 .text.HAL_PWR_DisablePVD
                0x00000000       0x1c build/stm32f4xx_hal_pwr.o
 .text.HAL_PWR_EnableWakeUpPin
                0x00000000       0x10 build/stm32f4xx_hal_pwr.o
 .text.HAL_PWR_DisableWakeUpPin
                0x00000000       0x10 build/stm32f4xx_hal_pwr.o
 .text.HAL_PWR_EnterSLEEPMode
                0x00000000       0x20 build/stm32f4xx_hal_pwr.o
 .text.HAL_PWR_EnterSTOPMode
                0x00000000       0x38 build/stm32f4xx_hal_pwr.o
 .text.HAL_PWR_EnterSTANDBYMode
                0x00000000       0x20 build/stm32f4xx_hal_pwr.o
 .text.HAL_PWR_PVDCallback
                0x00000000        0x4 build/stm32f4xx_hal_pwr.o
 .text.HAL_PWR_PVD_IRQHandler
                0x00000000       0x20 build/stm32f4xx_hal_pwr.o
 .text.HAL_PWR_EnableSleepOnExit
                0x00000000       0x10 build/stm32f4xx_hal_pwr.o
 .text.HAL_PWR_DisableSleepOnExit
                0x00000000       0x10 build/stm32f4xx_hal_pwr.o
 .text.HAL_PWR_EnableSEVOnPend
                0x00000000       0x10 build/stm32f4xx_hal_pwr.o
 .text.HAL_PWR_DisableSEVOnPend
                0x00000000       0x10 build/stm32f4xx_hal_pwr.o
 .debug_info    0x00000000      0x942 build/stm32f4xx_hal_pwr.o
 .debug_abbrev  0x00000000      0x211 build/stm32f4xx_hal_pwr.o
 .debug_loc     0x00000000       0xd7 build/stm32f4xx_hal_pwr.o
 .debug_aranges
                0x00000000       0xa0 build/stm32f4xx_hal_pwr.o
 .debug_ranges  0x00000000       0x90 build/stm32f4xx_hal_pwr.o
 .debug_line    0x00000000      0x334 build/stm32f4xx_hal_pwr.o
 .debug_str     0x00000000      0x594 build/stm32f4xx_hal_pwr.o
 .comment       0x00000000       0x6f build/stm32f4xx_hal_pwr.o
 .debug_frame   0x00000000      0x12c build/stm32f4xx_hal_pwr.o
 .ARM.attributes
                0x00000000       0x39 build/stm32f4xx_hal_pwr.o
 .text          0x00000000        0x0 build/stm32f4xx_hal_flash_ramfunc.o
 .data          0x00000000        0x0 build/stm32f4xx_hal_flash_ramfunc.o
 .bss           0x00000000        0x0 build/stm32f4xx_hal_flash_ramfunc.o
 .debug_info    0x00000000       0xa2 build/stm32f4xx_hal_flash_ramfunc.o
 .debug_abbrev  0x00000000       0x4b build/stm32f4xx_hal_flash_ramfunc.o
 .debug_aranges
                0x00000000       0x18 build/stm32f4xx_hal_flash_ramfunc.o
 .debug_line    0x00000000       0xea build/stm32f4xx_hal_flash_ramfunc.o
 .debug_str     0x00000000      0x1df build/stm32f4xx_hal_flash_ramfunc.o
 .comment       0x00000000       0x6f build/stm32f4xx_hal_flash_ramfunc.o
 .ARM.attributes
                0x00000000       0x39 build/stm32f4xx_hal_flash_ramfunc.o
 .text          0x00000000       0x14 build/startup_stm32f401xe.o
 .data          0x00000000        0x0 build/startup_stm32f401xe.o
 .bss           0x00000000        0x0 build/startup_stm32f401xe.o
 .text          0x00000000        0x0 /usr/local/gcc-arm-none-eabi-5_2-2015q4/bin/../lib/gcc/arm-none-eabi/5.2.1/../../../../arm-none-eabi/lib/armv7e-m/fpu/libc_nano.a(lib_a-exit.o)
 .data          0x00000000        0x0 /usr/local/gcc-arm-none-eabi-5_2-2015q4/bin/../lib/gcc/arm-none-eabi/5.2.1/../../../../arm-none-eabi/lib/armv7e-m/fpu/libc_nano.a(lib_a-exit.o)
 .bss           0x00000000        0x0 /usr/local/gcc-arm-none-eabi-5_2-2015q4/bin/../lib/gcc/arm-none-eabi/5.2.1/../../../../arm-none-eabi/lib/armv7e-m/fpu/libc_nano.a(lib_a-exit.o)
 .text.exit     0x00000000       0x28 /usr/local/gcc-arm-none-eabi-5_2-2015q4/bin/../lib/gcc/arm-none-eabi/5.2.1/../../../../arm-none-eabi/lib/armv7e-m/fpu/libc_nano.a(lib_a-exit.o)
 .debug_frame   0x00000000       0x28 /usr/local/gcc-arm-none-eabi-5_2-2015q4/bin/../lib/gcc/arm-none-eabi/5.2.1/../../../../arm-none-eabi/lib/armv7e-m/fpu/libc_nano.a(lib_a-exit.o)
 .ARM.attributes
                0x00000000       0x34 /usr/local/gcc-arm-none-eabi-5_2-2015q4/bin/../lib/gcc/arm-none-eabi/5.2.1/../../../../arm-none-eabi/lib/armv7e-m/fpu/libc_nano.a(lib_a-exit.o)
 .text          0x00000000        0x0 /usr/local/gcc-arm-none-eabi-5_2-2015q4/bin/../lib/gcc/arm-none-eabi/5.2.1/../../../../arm-none-eabi/lib/armv7e-m/fpu/libc_nano.a(lib_a-impure.o)
 .data          0x00000000        0x0 /usr/local/gcc-arm-none-eabi-5_2-2015q4/bin/../lib/gcc/arm-none-eabi/5.2.1/../../../../arm-none-eabi/lib/armv7e-m/fpu/libc_nano.a(lib_a-impure.o)
 .bss           0x00000000        0x0 /usr/local/gcc-arm-none-eabi-5_2-2015q4/bin/../lib/gcc/arm-none-eabi/5.2.1/../../../../arm-none-eabi/lib/armv7e-m/fpu/libc_nano.a(lib_a-impure.o)
 .data.impure_data
                0x00000000       0x60 /usr/local/gcc-arm-none-eabi-5_2-2015q4/bin/../lib/gcc/arm-none-eabi/5.2.1/../../../../arm-none-eabi/lib/armv7e-m/fpu/libc_nano.a(lib_a-impure.o)
 .data._impure_ptr
                0x00000000        0x4 /usr/local/gcc-arm-none-eabi-5_2-2015q4/bin/../lib/gcc/arm-none-eabi/5.2.1/../../../../arm-none-eabi/lib/armv7e-m/fpu/libc_nano.a(lib_a-impure.o)
 .rodata.str1.1
                0x00000000        0x2 /usr/local/gcc-arm-none-eabi-5_2-2015q4/bin/../lib/gcc/arm-none-eabi/5.2.1/../../../../arm-none-eabi/lib/armv7e-m/fpu/libc_nano.a(lib_a-impure.o)
 .rodata._global_impure_ptr
                0x00000000        0x4 /usr/local/gcc-arm-none-eabi-5_2-2015q4/bin/../lib/gcc/arm-none-eabi/5.2.1/../../../../arm-none-eabi/lib/armv7e-m/fpu/libc_nano.a(lib_a-impure.o)
 .ARM.attributes
                0x00000000       0x34 /usr/local/gcc-arm-none-eabi-5_2-2015q4/bin/../lib/gcc/arm-none-eabi/5.2.1/../../../../arm-none-eabi/lib/armv7e-m/fpu/libc_nano.a(lib_a-impure.o)
 .text          0x00000000        0x0 /usr/local/gcc-arm-none-eabi-5_2-2015q4/bin/../lib/gcc/arm-none-eabi/5.2.1/../../../../arm-none-eabi/lib/armv7e-m/fpu/libc_nano.a(lib_a-init.o)
 .data          0x00000000        0x0 /usr/local/gcc-arm-none-eabi-5_2-2015q4/bin/../lib/gcc/arm-none-eabi/5.2.1/../../../../arm-none-eabi/lib/armv7e-m/fpu/libc_nano.a(lib_a-init.o)
 .bss           0x00000000        0x0 /usr/local/gcc-arm-none-eabi-5_2-2015q4/bin/../lib/gcc/arm-none-eabi/5.2.1/../../../../arm-none-eabi/lib/armv7e-m/fpu/libc_nano.a(lib_a-init.o)
 .text          0x00000000        0x0 /usr/local/gcc-arm-none-eabi-5_2-2015q4/bin/../lib/gcc/arm-none-eabi/5.2.1/../../../../arm-none-eabi/lib/armv7e-m/fpu/libc_nano.a(lib_a-memset.o)
 .data          0x00000000        0x0 /usr/local/gcc-arm-none-eabi-5_2-2015q4/bin/../lib/gcc/arm-none-eabi/5.2.1/../../../../arm-none-eabi/lib/armv7e-m/fpu/libc_nano.a(lib_a-memset.o)
 .bss           0x00000000        0x0 /usr/local/gcc-arm-none-eabi-5_2-2015q4/bin/../lib/gcc/arm-none-eabi/5.2.1/../../../../arm-none-eabi/lib/armv7e-m/fpu/libc_nano.a(lib_a-memset.o)
 .text.memset   0x00000000       0x10 /usr/local/gcc-arm-none-eabi-5_2-2015q4/bin/../lib/gcc/arm-none-eabi/5.2.1/../../../../arm-none-eabi/lib/armv7e-m/fpu/libc_nano.a(lib_a-memset.o)
 .debug_frame   0x00000000       0x20 /usr/local/gcc-arm-none-eabi-5_2-2015q4/bin/../lib/gcc/arm-none-eabi/5.2.1/../../../../arm-none-eabi/lib/armv7e-m/fpu/libc_nano.a(lib_a-memset.o)
 .ARM.attributes
                0x00000000       0x34 /usr/local/gcc-arm-none-eabi-5_2-2015q4/bin/../lib/gcc/arm-none-eabi/5.2.1/../../../../arm-none-eabi/lib/armv7e-m/fpu/libc_nano.a(lib_a-memset.o)
 .text          0x00000000        0x0 /usr/local/gcc-arm-none-eabi-5_2-2015q4/bin/../lib/gcc/arm-none-eabi/5.2.1/../../../../arm-none-eabi/lib/armv7e-m/fpu/libnosys.a(_exit.o)
 .data          0x00000000        0x0 /usr/local/gcc-arm-none-eabi-5_2-2015q4/bin/../lib/gcc/arm-none-eabi/5.2.1/../../../../arm-none-eabi/lib/armv7e-m/fpu/libnosys.a(_exit.o)
 .bss           0x00000000        0x0 /usr/local/gcc-arm-none-eabi-5_2-2015q4/bin/../lib/gcc/arm-none-eabi/5.2.1/../../../../arm-none-eabi/lib/armv7e-m/fpu/libnosys.a(_exit.o)
 .text._exit    0x00000000        0x4 /usr/local/gcc-arm-none-eabi-5_2-2015q4/bin/../lib/gcc/arm-none-eabi/5.2.1/../../../../arm-none-eabi/lib/armv7e-m/fpu/libnosys.a(_exit.o)
 .debug_frame   0x00000000       0x20 /usr/local/gcc-arm-none-eabi-5_2-2015q4/bin/../lib/gcc/arm-none-eabi/5.2.1/../../../../arm-none-eabi/lib/armv7e-m/fpu/libnosys.a(_exit.o)
 .ARM.attributes
                0x00000000       0x34 /usr/local/gcc-arm-none-eabi-5_2-2015q4/bin/../lib/gcc/arm-none-eabi/5.2.1/../../../../arm-none-eabi/lib/armv7e-m/fpu/libnosys.a(_exit.o)
 .text          0x00000000        0x0 /usr/local/gcc-arm-none-eabi-5_2-2015q4/bin/../lib/gcc/arm-none-eabi/5.2.1/armv7e-m/fpu/crtend.o
 .data          0x00000000        0x0 /usr/local/gcc-arm-none-eabi-5_2-2015q4/bin/../lib/gcc/arm-none-eabi/5.2.1/armv7e-m/fpu/crtend.o
 .bss           0x00000000        0x0 /usr/local/gcc-arm-none-eabi-5_2-2015q4/bin/../lib/gcc/arm-none-eabi/5.2.1/armv7e-m/fpu/crtend.o
 .eh_frame      0x00000000        0x4 /usr/local/gcc-arm-none-eabi-5_2-2015q4/bin/../lib/gcc/arm-none-eabi/5.2.1/armv7e-m/fpu/crtend.o
 .jcr           0x00000000        0x4 /usr/local/gcc-arm-none-eabi-5_2-2015q4/bin/../lib/gcc/arm-none-eabi/5.2.1/armv7e-m/fpu/crtend.o
 .text          0x00000000        0x0 /usr/local/gcc-arm-none-eabi-5_2-2015q4/bin/../lib/gcc/arm-none-eabi/5.2.1/armv7e-m/fpu/crtn.o
 .data          0x00000000        0x0 /usr/local/gcc-arm-none-eabi-5_2-2015q4/bin/../lib/gcc/arm-none-eabi/5.2.1/armv7e-m/fpu/crtn.o
 .bss           0x00000000        0x0 /usr/local/gcc-arm-none-eabi-5_2-2015q4/bin/../lib/gcc/arm-none-eabi/5.2.1/armv7e-m/fpu/crtn.o

Memory Configuration

Name             Origin             Length             Attributes
RAM              0x20000000         0x00018000         xrw
FLASH            0x08000000         0x00080000         xr
*default*        0x00000000         0xffffffff

Linker script and memory map

LOAD /usr/local/gcc-arm-none-eabi-5_2-2015q4/bin/../lib/gcc/arm-none-eabi/5.2.1/armv7e-m/fpu/crti.o
LOAD /usr/local/gcc-arm-none-eabi-5_2-2015q4/bin/../lib/gcc/arm-none-eabi/5.2.1/armv7e-m/fpu/crtbegin.o
LOAD /usr/local/gcc-arm-none-eabi-5_2-2015q4/bin/../lib/gcc/arm-none-eabi/5.2.1/../../../../arm-none-eabi/lib/armv7e-m/fpu/crt0.o
LOAD build/stm32f4xx_hal_dma_ex.o
LOAD build/stm32f4xx_hal_pwr_ex.o
LOAD build/stm32f4xx_hal_rcc_ex.o
LOAD build/main.o
LOAD build/stm32f4xx_hal_rcc.o
LOAD build/stm32f4xx_hal_msp.o
LOAD build/stm32f4xx_hal_tim_ex.o
LOAD build/stm32f4xx_hal_cortex.o
LOAD build/stm32f4xx_it.o
LOAD build/stm32f4xx_hal_tim.o
LOAD build/stm32f4xx_hal_dma.o
LOAD build/stm32f4xx_hal.o
LOAD build/stm32f4xx_hal_flash_ex.o
LOAD build/system_stm32f4xx.o
LOAD build/stm32f4xx_hal_gpio.o
LOAD build/stm32f4xx_hal_flash.o
LOAD build/stm32f4xx_hal_pwr.o
LOAD build/stm32f4xx_hal_flash_ramfunc.o
LOAD build/startup_stm32f401xe.o
LOAD /usr/local/gcc-arm-none-eabi-5_2-2015q4/bin/../lib/gcc/arm-none-eabi/5.2.1/../../../../arm-none-eabi/lib/armv7e-m/fpu/libc_nano.a
LOAD /usr/local/gcc-arm-none-eabi-5_2-2015q4/bin/../lib/gcc/arm-none-eabi/5.2.1/../../../../arm-none-eabi/lib/armv7e-m/fpu/libm.a
LOAD /usr/local/gcc-arm-none-eabi-5_2-2015q4/bin/../lib/gcc/arm-none-eabi/5.2.1/../../../../arm-none-eabi/lib/armv7e-m/fpu/libnosys.a
START GROUP
LOAD /usr/local/gcc-arm-none-eabi-5_2-2015q4/bin/../lib/gcc/arm-none-eabi/5.2.1/armv7e-m/fpu/libgcc.a
LOAD /usr/local/gcc-arm-none-eabi-5_2-2015q4/bin/../lib/gcc/arm-none-eabi/5.2.1/../../../../arm-none-eabi/lib/armv7e-m/fpu/libc_nano.a
END GROUP
START GROUP
LOAD /usr/local/gcc-arm-none-eabi-5_2-2015q4/bin/../lib/gcc/arm-none-eabi/5.2.1/armv7e-m/fpu/libgcc.a
LOAD /usr/local/gcc-arm-none-eabi-5_2-2015q4/bin/../lib/gcc/arm-none-eabi/5.2.1/../../../../arm-none-eabi/lib/armv7e-m/fpu/libc_nano.a
END GROUP
LOAD /usr/local/gcc-arm-none-eabi-5_2-2015q4/bin/../lib/gcc/arm-none-eabi/5.2.1/armv7e-m/fpu/crtend.o
LOAD /usr/local/gcc-arm-none-eabi-5_2-2015q4/bin/../lib/gcc/arm-none-eabi/5.2.1/armv7e-m/fpu/crtn.o
                0x20018000                _estack = 0x20018000
                0x00000200                _Min_Heap_Size = 0x200
                0x00000400                _Min_Stack_Size = 0x400

.isr_vector     0x08000000      0x194
                0x08000000                . = ALIGN (0x4)
 *(.isr_vector)
 .isr_vector    0x08000000      0x194 build/startup_stm32f401xe.o
                0x08000000                g_pfnVectors
                0x08000194                . = ALIGN (0x4)

.text           0x08000194      0xd10
                0x08000194                . = ALIGN (0x4)
 *(.text)
 .text          0x08000194       0xa4 /usr/local/gcc-arm-none-eabi-5_2-2015q4/bin/../lib/gcc/arm-none-eabi/5.2.1/armv7e-m/fpu/crtbegin.o
 *(.text*)
 .text.MX_GPIO_Init
                0x08000238       0xb8 build/main.o
 .text._Error_Handler
                0x080002f0        0x4 build/main.o
                0x080002f0                _Error_Handler
 .text.SystemClock_Config
                0x080002f4       0xc4 build/main.o
                0x080002f4                SystemClock_Config
 .text.main     0x080003b8       0x24 build/main.o
                0x080003b8                main
 .text.HAL_RCC_OscConfig
                0x080003dc      0x3c8 build/stm32f4xx_hal_rcc.o
                0x080003dc                HAL_RCC_OscConfig
 .text.HAL_RCC_GetSysClockFreq
                0x080007a4       0xa4 build/stm32f4xx_hal_rcc.o
                0x080007a4                HAL_RCC_GetSysClockFreq
 .text.HAL_RCC_ClockConfig
                0x08000848      0x1b0 build/stm32f4xx_hal_rcc.o
                0x08000848                HAL_RCC_ClockConfig
 .text.HAL_RCC_GetHCLKFreq
                0x080009f8        0xc build/stm32f4xx_hal_rcc.o
                0x080009f8                HAL_RCC_GetHCLKFreq
 .text.HAL_MspInit
                0x08000a04       0x60 build/stm32f4xx_hal_msp.o
                0x08000a04                HAL_MspInit
 .text.HAL_NVIC_SetPriorityGrouping
                0x08000a64       0x24 build/stm32f4xx_hal_cortex.o
                0x08000a64                HAL_NVIC_SetPriorityGrouping
 .text.HAL_NVIC_SetPriority
                0x08000a88       0x64 build/stm32f4xx_hal_cortex.o
                0x08000a88                HAL_NVIC_SetPriority
 .text.HAL_SYSTICK_Config
                0x08000aec       0x2c build/stm32f4xx_hal_cortex.o
                0x08000aec                HAL_SYSTICK_Config
 .text.HAL_SYSTICK_CLKSourceConfig
                0x08000b18       0x20 build/stm32f4xx_hal_cortex.o
                0x08000b18                HAL_SYSTICK_CLKSourceConfig
 .text.HAL_SYSTICK_Callback
                0x08000b38        0x4 build/stm32f4xx_hal_cortex.o
                0x08000b38                HAL_SYSTICK_Callback
 .text.HAL_SYSTICK_IRQHandler
                0x08000b3c        0x8 build/stm32f4xx_hal_cortex.o
                0x08000b3c                HAL_SYSTICK_IRQHandler
 .text.SysTick_Handler
                0x08000b44        0xc build/stm32f4xx_it.o
                0x08000b44                SysTick_Handler
 .text.HAL_InitTick
                0x08000b50       0x2c build/stm32f4xx_hal.o
                0x08000b50                HAL_InitTick
 .text.HAL_Init
                0x08000b7c       0x34 build/stm32f4xx_hal.o
                0x08000b7c                HAL_Init
 .text.HAL_IncTick
                0x08000bb0       0x10 build/stm32f4xx_hal.o
                0x08000bb0                HAL_IncTick
 .text.HAL_GetTick
                0x08000bc0        0xc build/stm32f4xx_hal.o
                0x08000bc0                HAL_GetTick
 .text.HAL_Delay
                0x08000bcc       0x24 build/stm32f4xx_hal.o
                0x08000bcc                HAL_Delay
 .text.SystemInit
                0x08000bf0       0x4c build/system_stm32f4xx.o
                0x08000bf0                SystemInit
 .text.HAL_GPIO_Init
                0x08000c3c      0x19c build/stm32f4xx_hal_gpio.o
                0x08000c3c                HAL_GPIO_Init
 .text.HAL_GPIO_WritePin
                0x08000dd8        0xc build/stm32f4xx_hal_gpio.o
                0x08000dd8                HAL_GPIO_WritePin
 .text.HAL_GPIO_TogglePin
                0x08000de4        0x8 build/stm32f4xx_hal_gpio.o
                0x08000de4                HAL_GPIO_TogglePin
 .text.Reset_Handler
                0x08000dec       0x50 build/startup_stm32f401xe.o
                0x08000dec                Reset_Handler
 .text.Default_Handler
                0x08000e3c        0x2 build/startup_stm32f401xe.o
                0x08000e3c                RTC_Alarm_IRQHandler
                0x08000e3c                EXTI2_IRQHandler
                0x08000e3c                DebugMon_Handler
                0x08000e3c                SPI4_IRQHandler
                0x08000e3c                TIM1_CC_IRQHandler
                0x08000e3c                DMA2_Stream5_IRQHandler
                0x08000e3c                HardFault_Handler
                0x08000e3c                DMA1_Stream5_IRQHandler
                0x08000e3c                PVD_IRQHandler
                0x08000e3c                SDIO_IRQHandler
                0x08000e3c                TAMP_STAMP_IRQHandler
                0x08000e3c                PendSV_Handler
                0x08000e3c                NMI_Handler
                0x08000e3c                EXTI3_IRQHandler
                0x08000e3c                TIM1_UP_TIM10_IRQHandler
                0x08000e3c                I2C3_ER_IRQHandler
                0x08000e3c                EXTI0_IRQHandler
                0x08000e3c                I2C2_EV_IRQHandler
                0x08000e3c                DMA1_Stream2_IRQHandler
                0x08000e3c                FPU_IRQHandler
                0x08000e3c                UsageFault_Handler
                0x08000e3c                DMA2_Stream2_IRQHandler
                0x08000e3c                SPI1_IRQHandler
                0x08000e3c                TIM1_BRK_TIM9_IRQHandler
                0x08000e3c                DMA2_Stream3_IRQHandler
                0x08000e3c                USART6_IRQHandler
                0x08000e3c                DMA2_Stream0_IRQHandler
                0x08000e3c                TIM4_IRQHandler
                0x08000e3c                I2C1_EV_IRQHandler
                0x08000e3c                DMA1_Stream6_IRQHandler
                0x08000e3c                DMA1_Stream1_IRQHandler
                0x08000e3c                TIM3_IRQHandler
                0x08000e3c                RCC_IRQHandler
                0x08000e3c                Default_Handler
                0x08000e3c                EXTI15_10_IRQHandler
                0x08000e3c                ADC_IRQHandler
                0x08000e3c                DMA1_Stream7_IRQHandler
                0x08000e3c                TIM5_IRQHandler
                0x08000e3c                DMA2_Stream7_IRQHandler
                0x08000e3c                I2C3_EV_IRQHandler
                0x08000e3c                EXTI9_5_IRQHandler
                0x08000e3c                RTC_WKUP_IRQHandler
                0x08000e3c                SPI2_IRQHandler
                0x08000e3c                MemManage_Handler
                0x08000e3c                DMA1_Stream0_IRQHandler
                0x08000e3c                SVC_Handler
                0x08000e3c                EXTI4_IRQHandler
                0x08000e3c                WWDG_IRQHandler
                0x08000e3c                TIM2_IRQHandler
                0x08000e3c                OTG_FS_WKUP_IRQHandler
                0x08000e3c                TIM1_TRG_COM_TIM11_IRQHandler
                0x08000e3c                EXTI1_IRQHandler
                0x08000e3c                USART2_IRQHandler
                0x08000e3c                I2C2_ER_IRQHandler
                0x08000e3c                DMA2_Stream1_IRQHandler
                0x08000e3c                FLASH_IRQHandler
                0x08000e3c                DMA2_Stream4_IRQHandler
                0x08000e3c                BusFault_Handler
                0x08000e3c                USART1_IRQHandler
                0x08000e3c                OTG_FS_IRQHandler
                0x08000e3c                SPI3_IRQHandler
                0x08000e3c                DMA1_Stream4_IRQHandler
                0x08000e3c                I2C1_ER_IRQHandler
                0x08000e3c                DMA2_Stream6_IRQHandler
                0x08000e3c                DMA1_Stream3_IRQHandler
 *fill*         0x08000e3e        0x2 
 .text.__libc_init_array
                0x08000e40       0x4c /usr/local/gcc-arm-none-eabi-5_2-2015q4/bin/../lib/gcc/arm-none-eabi/5.2.1/../../../../arm-none-eabi/lib/armv7e-m/fpu/libc_nano.a(lib_a-init.o)
                0x08000e40                __libc_init_array
 *(.glue_7)
 .glue_7        0x08000e8c        0x0 linker stubs
 *(.glue_7t)
 .glue_7t       0x08000e8c        0x0 linker stubs
 *(.eh_frame)
 .eh_frame      0x08000e8c        0x0 /usr/local/gcc-arm-none-eabi-5_2-2015q4/bin/../lib/gcc/arm-none-eabi/5.2.1/armv7e-m/fpu/crtbegin.o
 *(.init)
 .init          0x08000e8c        0x4 /usr/local/gcc-arm-none-eabi-5_2-2015q4/bin/../lib/gcc/arm-none-eabi/5.2.1/armv7e-m/fpu/crti.o
                0x08000e8c                _init
 .init          0x08000e90        0x8 /usr/local/gcc-arm-none-eabi-5_2-2015q4/bin/../lib/gcc/arm-none-eabi/5.2.1/armv7e-m/fpu/crtn.o
 *(.fini)
 .fini          0x08000e98        0x4 /usr/local/gcc-arm-none-eabi-5_2-2015q4/bin/../lib/gcc/arm-none-eabi/5.2.1/armv7e-m/fpu/crti.o
                0x08000e98                _fini
 .fini          0x08000e9c        0x8 /usr/local/gcc-arm-none-eabi-5_2-2015q4/bin/../lib/gcc/arm-none-eabi/5.2.1/armv7e-m/fpu/crtn.o
                0x08000ea4                . = ALIGN (0x4)
                0x08000ea4                _etext = .

.vfp11_veneer   0x08000ea4        0x0
 .vfp11_veneer  0x08000ea4        0x0 linker stubs

.v4_bx          0x08000ea4        0x0
 .v4_bx         0x08000ea4        0x0 linker stubs

.iplt           0x08000ea4        0x0
 .iplt          0x08000ea4        0x0 /usr/local/gcc-arm-none-eabi-5_2-2015q4/bin/../lib/gcc/arm-none-eabi/5.2.1/armv7e-m/fpu/crtbegin.o

.rodata         0x08000ea4       0x1c
                0x08000ea4                . = ALIGN (0x4)
 *(.rodata)
 *(.rodata*)
 .rodata.str1.4
                0x08000ea4        0xc build/main.o
                                  0xb (size before relaxing)
 .rodata.AHBPrescTable
                0x08000eb0       0x10 build/system_stm32f4xx.o
                0x08000eb0                AHBPrescTable
                0x08000ec0                . = ALIGN (0x4)

.rel.dyn        0x08000ec0        0x0
 .rel.iplt      0x08000ec0        0x0 /usr/local/gcc-arm-none-eabi-5_2-2015q4/bin/../lib/gcc/arm-none-eabi/5.2.1/armv7e-m/fpu/crtbegin.o

.ARM.extab
 *(.ARM.extab* .gnu.linkonce.armextab.*)

.ARM            0x08000ec0        0x0
                0x08000ec0                __exidx_start = .
 *(.ARM.exidx*)
                0x08000ec0                __exidx_end = .

.preinit_array  0x08000ec0        0x0
                0x08000ec0                PROVIDE (__preinit_array_start, .)
 *(.preinit_array*)
                0x08000ec0                PROVIDE (__preinit_array_end, .)

.init_array     0x08000ec0        0x4
                0x08000ec0                PROVIDE (__init_array_start, .)
 *(SORT(.init_array.*))
 *(.init_array*)
 .init_array    0x08000ec0        0x4 /usr/local/gcc-arm-none-eabi-5_2-2015q4/bin/../lib/gcc/arm-none-eabi/5.2.1/armv7e-m/fpu/crtbegin.o
                0x08000ec4                PROVIDE (__init_array_end, .)

.fini_array     0x08000ec4        0x4
                [!provide]                PROVIDE (__fini_array_start, .)
 *(SORT(.fini_array.*))
 *(.fini_array*)
 .fini_array    0x08000ec4        0x4 /usr/local/gcc-arm-none-eabi-5_2-2015q4/bin/../lib/gcc/arm-none-eabi/5.2.1/armv7e-m/fpu/crtbegin.o
                [!provide]                PROVIDE (__fini_array_end, .)
                0x08000ec8                _sidata = LOADADDR (.data)

.data           0x20000000        0x4 load address 0x08000ec8
                0x20000000                . = ALIGN (0x4)
                0x20000000                _sdata = .
 *(.data)
 *(.data*)
 .data.SystemCoreClock
                0x20000000        0x4 build/system_stm32f4xx.o
                0x20000000                SystemCoreClock
                0x20000004                . = ALIGN (0x4)
                0x20000004                _edata = .

.jcr            0x20000004        0x0 load address 0x08000ecc
 .jcr           0x20000004        0x0 /usr/local/gcc-arm-none-eabi-5_2-2015q4/bin/../lib/gcc/arm-none-eabi/5.2.1/armv7e-m/fpu/crtbegin.o

.tm_clone_table
                0x20000004        0x0 load address 0x08000ecc
 .tm_clone_table
                0x20000004        0x0 /usr/local/gcc-arm-none-eabi-5_2-2015q4/bin/../lib/gcc/arm-none-eabi/5.2.1/armv7e-m/fpu/crtbegin.o
 .tm_clone_table
                0x20000004        0x0 /usr/local/gcc-arm-none-eabi-5_2-2015q4/bin/../lib/gcc/arm-none-eabi/5.2.1/armv7e-m/fpu/crtend.o

.igot.plt       0x20000004        0x0 load address 0x08000ecc
 .igot.plt      0x20000004        0x0 /usr/local/gcc-arm-none-eabi-5_2-2015q4/bin/../lib/gcc/arm-none-eabi/5.2.1/armv7e-m/fpu/crtbegin.o
                0x20000004                . = ALIGN (0x4)

.bss            0x20000004       0x20 load address 0x08000ecc
                0x20000004                _sbss = .
                0x20000004                __bss_start__ = _sbss
 *(.bss)
 .bss           0x20000004       0x1c /usr/local/gcc-arm-none-eabi-5_2-2015q4/bin/../lib/gcc/arm-none-eabi/5.2.1/armv7e-m/fpu/crtbegin.o
 *(.bss*)
 *(COMMON)
 COMMON         0x20000020        0x4 build/stm32f4xx_hal.o
                0x20000020                uwTick
                0x20000024                . = ALIGN (0x4)
                0x20000024                _ebss = .
                0x20000024                __bss_end__ = _ebss

._user_heap_stack
                0x20000024      0x604 load address 0x08000ecc
                0x20000028                . = ALIGN (0x8)
 *fill*         0x20000024        0x4 
                [!provide]                PROVIDE (end, .)
                [!provide]                PROVIDE (_end, .)
                0x20000228                . = (. + _Min_Heap_Size)
 *fill*         0x20000028      0x200 
                0x20000628                . = (. + _Min_Stack_Size)
 *fill*         0x20000228      0x400 
                0x20000628                . = ALIGN (0x8)

/DISCARD/
 libc.a(*)
 libm.a(*)
 libgcc.a(*)

.ARM.attributes
                0x00000000       0x30
 *(.ARM.attributes)
 .ARM.attributes
                0x00000000       0x22 /usr/local/gcc-arm-none-eabi-5_2-2015q4/bin/../lib/gcc/arm-none-eabi/5.2.1/armv7e-m/fpu/crti.o
 .ARM.attributes
                0x00000022       0x34 /usr/local/gcc-arm-none-eabi-5_2-2015q4/bin/../lib/gcc/arm-none-eabi/5.2.1/armv7e-m/fpu/crtbegin.o
 .ARM.attributes
                0x00000056       0x39 build/main.o
 .ARM.attributes
                0x0000008f       0x39 build/stm32f4xx_hal_rcc.o
 .ARM.attributes
                0x000000c8       0x39 build/stm32f4xx_hal_msp.o
 .ARM.attributes
                0x00000101       0x39 build/stm32f4xx_hal_cortex.o
 .ARM.attributes
                0x0000013a       0x39 build/stm32f4xx_it.o
 .ARM.attributes
                0x00000173       0x39 build/stm32f4xx_hal.o
 .ARM.attributes
                0x000001ac       0x39 build/system_stm32f4xx.o
 .ARM.attributes
                0x000001e5       0x39 build/stm32f4xx_hal_gpio.o
 .ARM.attributes
                0x0000021e       0x21 build/startup_stm32f401xe.o
 .ARM.attributes
                0x0000023f       0x34 /usr/local/gcc-arm-none-eabi-5_2-2015q4/bin/../lib/gcc/arm-none-eabi/5.2.1/../../../../arm-none-eabi/lib/armv7e-m/fpu/libc_nano.a(lib_a-init.o)
 .ARM.attributes
                0x00000273       0x34 /usr/local/gcc-arm-none-eabi-5_2-2015q4/bin/../lib/gcc/arm-none-eabi/5.2.1/armv7e-m/fpu/crtend.o
 .ARM.attributes
                0x000002a7       0x22 /usr/local/gcc-arm-none-eabi-5_2-2015q4/bin/../lib/gcc/arm-none-eabi/5.2.1/armv7e-m/fpu/crtn.o
OUTPUT(build/Test01_GPIO.elf elf32-littlearm)

.debug_info     0x00000000     0x433b
 .debug_info    0x00000000      0xa96 build/main.o
 .debug_info    0x00000a96      0xdde build/stm32f4xx_hal_rcc.o
 .debug_info    0x00001874      0x353 build/stm32f4xx_hal_msp.o
 .debug_info    0x00001bc7      0xf3e build/stm32f4xx_hal_cortex.o
 .debug_info    0x00002b05       0xf6 build/stm32f4xx_it.o
 .debug_info    0x00002bfb      0x980 build/stm32f4xx_hal.o
 .debug_info    0x0000357b      0x57c build/system_stm32f4xx.o
 .debug_info    0x00003af7      0x7df build/stm32f4xx_hal_gpio.o
 .debug_info    0x000042d6       0x65 build/startup_stm32f401xe.o

.debug_abbrev   0x00000000      0xecb
 .debug_abbrev  0x00000000      0x1da build/main.o
 .debug_abbrev  0x000001da      0x2ca build/stm32f4xx_hal_rcc.o
 .debug_abbrev  0x000004a4       0xc2 build/stm32f4xx_hal_msp.o
 .debug_abbrev  0x00000566      0x313 build/stm32f4xx_hal_cortex.o
 .debug_abbrev  0x00000879       0x9a build/stm32f4xx_it.o
 .debug_abbrev  0x00000913      0x2a1 build/stm32f4xx_hal.o
 .debug_abbrev  0x00000bb4      0x103 build/system_stm32f4xx.o
 .debug_abbrev  0x00000cb7      0x202 build/stm32f4xx_hal_gpio.o
 .debug_abbrev  0x00000eb9       0x12 build/startup_stm32f401xe.o

.debug_loc      0x00000000     0x1480
 .debug_loc     0x00000000       0x91 build/main.o
 .debug_loc     0x00000091      0x756 build/stm32f4xx_hal_rcc.o
 .debug_loc     0x000007e7       0x20 build/stm32f4xx_hal_msp.o
 .debug_loc     0x00000807      0x5c0 build/stm32f4xx_hal_cortex.o
 .debug_loc     0x00000dc7       0x20 build/stm32f4xx_it.o
 .debug_loc     0x00000de7      0x129 build/stm32f4xx_hal.o
 .debug_loc     0x00000f10      0x132 build/system_stm32f4xx.o
 .debug_loc     0x00001042      0x43e build/stm32f4xx_hal_gpio.o

.debug_aranges  0x00000000      0x318
 .debug_aranges
                0x00000000       0x38 build/main.o
 .debug_aranges
                0x00000038       0x88 build/stm32f4xx_hal_rcc.o
 .debug_aranges
                0x000000c0       0x20 build/stm32f4xx_hal_msp.o
 .debug_aranges
                0x000000e0       0xa8 build/stm32f4xx_hal_cortex.o
 .debug_aranges
                0x00000188       0x20 build/stm32f4xx_it.o
 .debug_aranges
                0x000001a8       0xc8 build/stm32f4xx_hal.o
 .debug_aranges
                0x00000270       0x28 build/system_stm32f4xx.o
 .debug_aranges
                0x00000298       0x58 build/stm32f4xx_hal_gpio.o
 .debug_aranges
                0x000002f0       0x28 build/startup_stm32f401xe.o

.debug_ranges   0x00000000      0x290
 .debug_ranges  0x00000000       0x28 build/main.o
 .debug_ranges  0x00000028       0x78 build/stm32f4xx_hal_rcc.o
 .debug_ranges  0x000000a0       0x10 build/stm32f4xx_hal_msp.o
 .debug_ranges  0x000000b0       0x98 build/stm32f4xx_hal_cortex.o
 .debug_ranges  0x00000148       0x10 build/stm32f4xx_it.o
 .debug_ranges  0x00000158       0xb8 build/stm32f4xx_hal.o
 .debug_ranges  0x00000210       0x18 build/system_stm32f4xx.o
 .debug_ranges  0x00000228       0x48 build/stm32f4xx_hal_gpio.o
 .debug_ranges  0x00000270       0x20 build/startup_stm32f401xe.o

.debug_line     0x00000000     0x16da
 .debug_line    0x00000000      0x260 build/main.o
 .debug_line    0x00000260      0x546 build/stm32f4xx_hal_rcc.o
 .debug_line    0x000007a6      0x192 build/stm32f4xx_hal_msp.o
 .debug_line    0x00000938      0x3b7 build/stm32f4xx_hal_cortex.o
 .debug_line    0x00000cef      0x15f build/stm32f4xx_it.o
 .debug_line    0x00000e4e      0x387 build/stm32f4xx_hal.o
 .debug_line    0x000011d5      0x17a build/system_stm32f4xx.o
 .debug_line    0x0000134f      0x317 build/stm32f4xx_hal_gpio.o
 .debug_line    0x00001666       0x74 build/startup_stm32f401xe.o

.debug_str      0x00000000     0x1265
 .debug_str     0x00000000      0x8ec build/main.o
                                0x951 (size before relaxing)
 .debug_str     0x000008ec      0x1ff build/stm32f4xx_hal_rcc.o
                                0x6fd (size before relaxing)
 .debug_str     0x00000aeb       0x41 build/stm32f4xx_hal_msp.o
                                0x582 (size before relaxing)
 .debug_str     0x00000b2c      0x3d9 build/stm32f4xx_hal_cortex.o
                                0xacd (size before relaxing)
 .debug_str     0x00000f05       0x2f build/stm32f4xx_it.o
                                0x1e6 (size before relaxing)
 .debug_str     0x00000f34      0x1cd build/stm32f4xx_hal.o
                                0x964 (size before relaxing)
 .debug_str     0x00001101       0x42 build/system_stm32f4xx.o
                                0x3a7 (size before relaxing)
 .debug_str     0x00001143      0x122 build/stm32f4xx_hal_gpio.o
                                0x517 (size before relaxing)

.comment        0x00000000       0x6e
 .comment       0x00000000       0x6e build/main.o
                                 0x6f (size before relaxing)
 .comment       0x0000006e       0x6f build/stm32f4xx_hal_rcc.o
 .comment       0x0000006e       0x6f build/stm32f4xx_hal_msp.o
 .comment       0x0000006e       0x6f build/stm32f4xx_hal_cortex.o
 .comment       0x0000006e       0x6f build/stm32f4xx_it.o
 .comment       0x0000006e       0x6f build/stm32f4xx_hal.o
 .comment       0x0000006e       0x6f build/system_stm32f4xx.o
 .comment       0x0000006e       0x6f build/stm32f4xx_hal_gpio.o

.debug_frame    0x00000000      0x67c
 .debug_frame   0x00000000       0x80 build/main.o
 .debug_frame   0x00000080      0x168 build/stm32f4xx_hal_rcc.o
 .debug_frame   0x000001e8       0x2c build/stm32f4xx_hal_msp.o
 .debug_frame   0x00000214      0x164 build/stm32f4xx_hal_cortex.o
 .debug_frame   0x00000378       0x2c build/stm32f4xx_it.o
 .debug_frame   0x000003a4      0x1a8 build/stm32f4xx_hal.o
 .debug_frame   0x0000054c       0x30 build/system_stm32f4xx.o
 .debug_frame   0x0000057c       0xd4 build/stm32f4xx_hal_gpio.o
 .debug_frame   0x00000650       0x2c /usr/local/gcc-arm-none-eabi-5_2-2015q4/bin/../lib/gcc/arm-none-eabi/5.2.1/../../../../arm-none-eabi/lib/armv7e-m/fpu/libc_nano.a(lib_a-init.o)

Cross Reference Table

Symbol                                            File
ADC_IRQHandler                                    build/startup_stm32f401xe.o
AHBPrescTable                                     build/system_stm32f4xx.o
                                                  build/stm32f4xx_hal_rcc.o
APBPrescTable                                     build/system_stm32f4xx.o
                                                  build/stm32f4xx_hal_rcc.o
BusFault_Handler                                  build/startup_stm32f401xe.o
DMA1_Stream0_IRQHandler                           build/startup_stm32f401xe.o
DMA1_Stream1_IRQHandler                           build/startup_stm32f401xe.o
DMA1_Stream2_IRQHandler                           build/startup_stm32f401xe.o
DMA1_Stream3_IRQHandler                           build/startup_stm32f401xe.o
DMA1_Stream4_IRQHandler                           build/startup_stm32f401xe.o
DMA1_Stream5_IRQHandler                           build/startup_stm32f401xe.o
DMA1_Stream6_IRQHandler                           build/startup_stm32f401xe.o
DMA1_Stream7_IRQHandler                           build/startup_stm32f401xe.o
DMA2_Stream0_IRQHandler                           build/startup_stm32f401xe.o
DMA2_Stream1_IRQHandler                           build/startup_stm32f401xe.o
DMA2_Stream2_IRQHandler                           build/startup_stm32f401xe.o
DMA2_Stream3_IRQHandler                           build/startup_stm32f401xe.o
DMA2_Stream4_IRQHandler                           build/startup_stm32f401xe.o
DMA2_Stream5_IRQHandler                           build/startup_stm32f401xe.o
DMA2_Stream6_IRQHandler                           build/startup_stm32f401xe.o
DMA2_Stream7_IRQHandler                           build/startup_stm32f401xe.o
DebugMon_Handler                                  build/startup_stm32f401xe.o
Default_Handler                                   build/startup_stm32f401xe.o
EXTI0_IRQHandler                                  build/startup_stm32f401xe.o
EXTI15_10_IRQHandler                              build/startup_stm32f401xe.o
EXTI1_IRQHandler                                  build/startup_stm32f401xe.o
EXTI2_IRQHandler                                  build/startup_stm32f401xe.o
EXTI3_IRQHandler                                  build/startup_stm32f401xe.o
EXTI4_IRQHandler                                  build/startup_stm32f401xe.o
EXTI9_5_IRQHandler                                build/startup_stm32f401xe.o
FLASH_Erase_Sector                                build/stm32f4xx_hal_flash_ex.o
                                                  build/stm32f4xx_hal_flash.o
FLASH_FlushCaches                                 build/stm32f4xx_hal_flash_ex.o
                                                  build/stm32f4xx_hal_flash.o
FLASH_IRQHandler                                  build/startup_stm32f401xe.o
FLASH_WaitForLastOperation                        build/stm32f4xx_hal_flash.o
                                                  build/stm32f4xx_hal_flash_ex.o
FPU_IRQHandler                                    build/startup_stm32f401xe.o
HAL_DBGMCU_DisableDBGSleepMode                    build/stm32f4xx_hal.o
HAL_DBGMCU_DisableDBGStandbyMode                  build/stm32f4xx_hal.o
HAL_DBGMCU_DisableDBGStopMode                     build/stm32f4xx_hal.o
HAL_DBGMCU_EnableDBGSleepMode                     build/stm32f4xx_hal.o
HAL_DBGMCU_EnableDBGStandbyMode                   build/stm32f4xx_hal.o
HAL_DBGMCU_EnableDBGStopMode                      build/stm32f4xx_hal.o
HAL_DMAEx_ChangeMemory                            build/stm32f4xx_hal_dma_ex.o
HAL_DMAEx_MultiBufferStart                        build/stm32f4xx_hal_dma_ex.o
HAL_DMAEx_MultiBufferStart_IT                     build/stm32f4xx_hal_dma_ex.o
HAL_DMA_Abort                                     build/stm32f4xx_hal_dma.o
HAL_DMA_Abort_IT                                  build/stm32f4xx_hal_dma.o
HAL_DMA_DeInit                                    build/stm32f4xx_hal_dma.o
HAL_DMA_GetError                                  build/stm32f4xx_hal_dma.o
HAL_DMA_GetState                                  build/stm32f4xx_hal_dma.o
HAL_DMA_IRQHandler                                build/stm32f4xx_hal_dma.o
HAL_DMA_Init                                      build/stm32f4xx_hal_dma.o
HAL_DMA_PollForTransfer                           build/stm32f4xx_hal_dma.o
HAL_DMA_RegisterCallback                          build/stm32f4xx_hal_dma.o
HAL_DMA_Start                                     build/stm32f4xx_hal_dma.o
HAL_DMA_Start_IT                                  build/stm32f4xx_hal_dma.o
HAL_DMA_UnRegisterCallback                        build/stm32f4xx_hal_dma.o
HAL_DeInit                                        build/stm32f4xx_hal.o
HAL_Delay                                         build/stm32f4xx_hal.o
                                                  build/main.o
HAL_DisableCompensationCell                       build/stm32f4xx_hal.o
HAL_EnableCompensationCell                        build/stm32f4xx_hal.o
HAL_FLASHEx_AdvOBGetConfig                        build/stm32f4xx_hal_flash_ex.o
HAL_FLASHEx_AdvOBProgram                          build/stm32f4xx_hal_flash_ex.o
HAL_FLASHEx_Erase                                 build/stm32f4xx_hal_flash_ex.o
HAL_FLASHEx_Erase_IT                              build/stm32f4xx_hal_flash_ex.o
HAL_FLASHEx_OBGetConfig                           build/stm32f4xx_hal_flash_ex.o
HAL_FLASHEx_OBProgram                             build/stm32f4xx_hal_flash_ex.o
HAL_FLASHEx_OB_DeSelectPCROP                      build/stm32f4xx_hal_flash_ex.o
HAL_FLASHEx_OB_SelectPCROP                        build/stm32f4xx_hal_flash_ex.o
HAL_FLASH_EndOfOperationCallback                  build/stm32f4xx_hal_flash.o
HAL_FLASH_GetError                                build/stm32f4xx_hal_flash.o
HAL_FLASH_IRQHandler                              build/stm32f4xx_hal_flash.o
HAL_FLASH_Lock                                    build/stm32f4xx_hal_flash.o
HAL_FLASH_OB_Launch                               build/stm32f4xx_hal_flash.o
HAL_FLASH_OB_Lock                                 build/stm32f4xx_hal_flash.o
HAL_FLASH_OB_Unlock                               build/stm32f4xx_hal_flash.o
HAL_FLASH_OperationErrorCallback                  build/stm32f4xx_hal_flash.o
HAL_FLASH_Program                                 build/stm32f4xx_hal_flash.o
HAL_FLASH_Program_IT                              build/stm32f4xx_hal_flash.o
HAL_FLASH_Unlock                                  build/stm32f4xx_hal_flash.o
HAL_GPIO_DeInit                                   build/stm32f4xx_hal_gpio.o
HAL_GPIO_EXTI_Callback                            build/stm32f4xx_hal_gpio.o
HAL_GPIO_EXTI_IRQHandler                          build/stm32f4xx_hal_gpio.o
HAL_GPIO_Init                                     build/stm32f4xx_hal_gpio.o
                                                  build/stm32f4xx_hal_rcc.o
                                                  build/main.o
HAL_GPIO_LockPin                                  build/stm32f4xx_hal_gpio.o
HAL_GPIO_ReadPin                                  build/stm32f4xx_hal_gpio.o
HAL_GPIO_TogglePin                                build/stm32f4xx_hal_gpio.o
                                                  build/main.o
HAL_GPIO_WritePin                                 build/stm32f4xx_hal_gpio.o
                                                  build/main.o
HAL_GetDEVID                                      build/stm32f4xx_hal.o
HAL_GetHalVersion                                 build/stm32f4xx_hal.o
HAL_GetREVID                                      build/stm32f4xx_hal.o
HAL_GetTick                                       build/stm32f4xx_hal.o
                                                  build/stm32f4xx_hal_flash.o
                                                  build/stm32f4xx_hal_dma.o
                                                  build/stm32f4xx_hal_rcc.o
                                                  build/stm32f4xx_hal_rcc_ex.o
                                                  build/stm32f4xx_hal_pwr_ex.o
HAL_GetUID                                        build/stm32f4xx_hal.o
HAL_IncTick                                       build/stm32f4xx_hal.o
                                                  build/stm32f4xx_it.o
HAL_Init                                          build/stm32f4xx_hal.o
                                                  build/main.o
HAL_InitTick                                      build/stm32f4xx_hal.o
                                                  build/stm32f4xx_hal_rcc.o
HAL_MPU_ConfigRegion                              build/stm32f4xx_hal_cortex.o
HAL_MPU_Disable                                   build/stm32f4xx_hal_cortex.o
HAL_MPU_Enable                                    build/stm32f4xx_hal_cortex.o
HAL_MspDeInit                                     build/stm32f4xx_hal.o
HAL_MspInit                                       build/stm32f4xx_hal_msp.o
HAL_NVIC_ClearPendingIRQ                          build/stm32f4xx_hal_cortex.o
HAL_NVIC_DisableIRQ                               build/stm32f4xx_hal_cortex.o
HAL_NVIC_EnableIRQ                                build/stm32f4xx_hal_cortex.o
HAL_NVIC_GetActive                                build/stm32f4xx_hal_cortex.o
HAL_NVIC_GetPendingIRQ                            build/stm32f4xx_hal_cortex.o
HAL_NVIC_GetPriority                              build/stm32f4xx_hal_cortex.o
HAL_NVIC_GetPriorityGrouping                      build/stm32f4xx_hal_cortex.o
HAL_NVIC_SetPendingIRQ                            build/stm32f4xx_hal_cortex.o
HAL_NVIC_SetPriority                              build/stm32f4xx_hal_cortex.o
                                                  build/stm32f4xx_hal.o
                                                  build/stm32f4xx_hal_msp.o
                                                  build/main.o
HAL_NVIC_SetPriorityGrouping                      build/stm32f4xx_hal_cortex.o
                                                  build/stm32f4xx_hal.o
                                                  build/stm32f4xx_hal_msp.o
HAL_NVIC_SystemReset                              build/stm32f4xx_hal_cortex.o
HAL_PWREx_ControlVoltageScaling                   build/stm32f4xx_hal_pwr_ex.o
HAL_PWREx_DisableBkUpReg                          build/stm32f4xx_hal_pwr_ex.o
HAL_PWREx_DisableFlashPowerDown                   build/stm32f4xx_hal_pwr_ex.o
HAL_PWREx_DisableLowRegulatorLowVoltage           build/stm32f4xx_hal_pwr_ex.o
HAL_PWREx_DisableMainRegulatorLowVoltage          build/stm32f4xx_hal_pwr_ex.o
HAL_PWREx_EnableBkUpReg                           build/stm32f4xx_hal_pwr_ex.o
HAL_PWREx_EnableFlashPowerDown                    build/stm32f4xx_hal_pwr_ex.o
HAL_PWREx_EnableLowRegulatorLowVoltage            build/stm32f4xx_hal_pwr_ex.o
HAL_PWREx_EnableMainRegulatorLowVoltage           build/stm32f4xx_hal_pwr_ex.o
HAL_PWREx_GetVoltageRange                         build/stm32f4xx_hal_pwr_ex.o
HAL_PWR_ConfigPVD                                 build/stm32f4xx_hal_pwr.o
HAL_PWR_DeInit                                    build/stm32f4xx_hal_pwr.o
HAL_PWR_DisableBkUpAccess                         build/stm32f4xx_hal_pwr.o
HAL_PWR_DisablePVD                                build/stm32f4xx_hal_pwr.o
HAL_PWR_DisableSEVOnPend                          build/stm32f4xx_hal_pwr.o
HAL_PWR_DisableSleepOnExit                        build/stm32f4xx_hal_pwr.o
HAL_PWR_DisableWakeUpPin                          build/stm32f4xx_hal_pwr.o
HAL_PWR_EnableBkUpAccess                          build/stm32f4xx_hal_pwr.o
HAL_PWR_EnablePVD                                 build/stm32f4xx_hal_pwr.o
HAL_PWR_EnableSEVOnPend                           build/stm32f4xx_hal_pwr.o
HAL_PWR_EnableSleepOnExit                         build/stm32f4xx_hal_pwr.o
HAL_PWR_EnableWakeUpPin                           build/stm32f4xx_hal_pwr.o
HAL_PWR_EnterSLEEPMode                            build/stm32f4xx_hal_pwr.o
HAL_PWR_EnterSTANDBYMode                          build/stm32f4xx_hal_pwr.o
HAL_PWR_EnterSTOPMode                             build/stm32f4xx_hal_pwr.o
HAL_PWR_PVDCallback                               build/stm32f4xx_hal_pwr.o
HAL_PWR_PVD_IRQHandler                            build/stm32f4xx_hal_pwr.o
HAL_RCCEx_GetPeriphCLKConfig                      build/stm32f4xx_hal_rcc_ex.o
HAL_RCCEx_GetPeriphCLKFreq                        build/stm32f4xx_hal_rcc_ex.o
HAL_RCCEx_PeriphCLKConfig                         build/stm32f4xx_hal_rcc_ex.o
HAL_RCC_CSSCallback                               build/stm32f4xx_hal_rcc.o
HAL_RCC_ClockConfig                               build/stm32f4xx_hal_rcc.o
                                                  build/main.o
HAL_RCC_DeInit                                    build/stm32f4xx_hal_rcc_ex.o
HAL_RCC_DisableCSS                                build/stm32f4xx_hal_rcc.o
HAL_RCC_EnableCSS                                 build/stm32f4xx_hal_rcc.o
HAL_RCC_GetClockConfig                            build/stm32f4xx_hal_rcc.o
HAL_RCC_GetHCLKFreq                               build/stm32f4xx_hal_rcc.o
                                                  build/main.o
HAL_RCC_GetOscConfig                              build/stm32f4xx_hal_rcc.o
HAL_RCC_GetPCLK1Freq                              build/stm32f4xx_hal_rcc.o
HAL_RCC_GetPCLK2Freq                              build/stm32f4xx_hal_rcc.o
HAL_RCC_GetSysClockFreq                           build/stm32f4xx_hal_rcc.o
HAL_RCC_MCOConfig                                 build/stm32f4xx_hal_rcc.o
HAL_RCC_NMI_IRQHandler                            build/stm32f4xx_hal_rcc.o
HAL_RCC_OscConfig                                 build/stm32f4xx_hal_rcc.o
                                                  build/main.o
HAL_ResumeTick                                    build/stm32f4xx_hal.o
HAL_SYSTICK_CLKSourceConfig                       build/stm32f4xx_hal_cortex.o
                                                  build/main.o
HAL_SYSTICK_Callback                              build/stm32f4xx_hal_cortex.o
HAL_SYSTICK_Config                                build/stm32f4xx_hal_cortex.o
                                                  build/stm32f4xx_hal.o
                                                  build/main.o
HAL_SYSTICK_IRQHandler                            build/stm32f4xx_hal_cortex.o
                                                  build/stm32f4xx_it.o
HAL_SuspendTick                                   build/stm32f4xx_hal.o
HardFault_Handler                                 build/startup_stm32f401xe.o
I2C1_ER_IRQHandler                                build/startup_stm32f401xe.o
I2C1_EV_IRQHandler                                build/startup_stm32f401xe.o
I2C2_ER_IRQHandler                                build/startup_stm32f401xe.o
I2C2_EV_IRQHandler                                build/startup_stm32f401xe.o
I2C3_ER_IRQHandler                                build/startup_stm32f401xe.o
I2C3_EV_IRQHandler                                build/startup_stm32f401xe.o
MemManage_Handler                                 build/startup_stm32f401xe.o
NMI_Handler                                       build/startup_stm32f401xe.o
OTG_FS_IRQHandler                                 build/startup_stm32f401xe.o
OTG_FS_WKUP_IRQHandler                            build/startup_stm32f401xe.o
PVD_IRQHandler                                    build/startup_stm32f401xe.o
PendSV_Handler                                    build/startup_stm32f401xe.o
RCC_IRQHandler                                    build/startup_stm32f401xe.o
RTC_Alarm_IRQHandler                              build/startup_stm32f401xe.o
RTC_WKUP_IRQHandler                               build/startup_stm32f401xe.o
Reset_Handler                                     build/startup_stm32f401xe.o
SDIO_IRQHandler                                   build/startup_stm32f401xe.o
SPI1_IRQHandler                                   build/startup_stm32f401xe.o
SPI2_IRQHandler                                   build/startup_stm32f401xe.o
SPI3_IRQHandler                                   build/startup_stm32f401xe.o
SPI4_IRQHandler                                   build/startup_stm32f401xe.o
SVC_Handler                                       build/startup_stm32f401xe.o
SysTick_Handler                                   build/stm32f4xx_it.o
SystemClock_Config                                build/main.o
SystemCoreClock                                   build/system_stm32f4xx.o
                                                  build/stm32f4xx_hal.o
                                                  build/stm32f4xx_hal_dma.o
                                                  build/stm32f4xx_hal_rcc.o
                                                  build/stm32f4xx_hal_rcc_ex.o
SystemCoreClockUpdate                             build/system_stm32f4xx.o
SystemInit                                        build/system_stm32f4xx.o
                                                  build/startup_stm32f401xe.o
TAMP_STAMP_IRQHandler                             build/startup_stm32f401xe.o
TIM1_BRK_TIM9_IRQHandler                          build/startup_stm32f401xe.o
TIM1_CC_IRQHandler                                build/startup_stm32f401xe.o
TIM1_TRG_COM_TIM11_IRQHandler                     build/startup_stm32f401xe.o
TIM1_UP_TIM10_IRQHandler                          build/startup_stm32f401xe.o
TIM2_IRQHandler                                   build/startup_stm32f401xe.o
TIM3_IRQHandler                                   build/startup_stm32f401xe.o
TIM4_IRQHandler                                   build/startup_stm32f401xe.o
TIM5_IRQHandler                                   build/startup_stm32f401xe.o
USART1_IRQHandler                                 build/startup_stm32f401xe.o
USART2_IRQHandler                                 build/startup_stm32f401xe.o
USART6_IRQHandler                                 build/startup_stm32f401xe.o
UsageFault_Handler                                build/startup_stm32f401xe.o
WWDG_IRQHandler                                   build/startup_stm32f401xe.o
_Error_Handler                                    build/main.o
_ITM_deregisterTMCloneTable                       /usr/local/gcc-arm-none-eabi-5_2-2015q4/bin/../lib/gcc/arm-none-eabi/5.2.1/armv7e-m/fpu/crtbegin.o
_ITM_registerTMCloneTable                         /usr/local/gcc-arm-none-eabi-5_2-2015q4/bin/../lib/gcc/arm-none-eabi/5.2.1/armv7e-m/fpu/crtbegin.o
_Jv_RegisterClasses                               /usr/local/gcc-arm-none-eabi-5_2-2015q4/bin/../lib/gcc/arm-none-eabi/5.2.1/armv7e-m/fpu/crtbegin.o
__TMC_END__                                       /usr/local/gcc-arm-none-eabi-5_2-2015q4/bin/../lib/gcc/arm-none-eabi/5.2.1/armv7e-m/fpu/crtend.o
                                                  /usr/local/gcc-arm-none-eabi-5_2-2015q4/bin/../lib/gcc/arm-none-eabi/5.2.1/armv7e-m/fpu/crtbegin.o
__bss_end__                                       /usr/local/gcc-arm-none-eabi-5_2-2015q4/bin/../lib/gcc/arm-none-eabi/5.2.1/../../../../arm-none-eabi/lib/armv7e-m/fpu/crt0.o
__bss_start__                                     /usr/local/gcc-arm-none-eabi-5_2-2015q4/bin/../lib/gcc/arm-none-eabi/5.2.1/../../../../arm-none-eabi/lib/armv7e-m/fpu/crt0.o
__call_exitprocs                                  /usr/local/gcc-arm-none-eabi-5_2-2015q4/bin/../lib/gcc/arm-none-eabi/5.2.1/../../../../arm-none-eabi/lib/armv7e-m/fpu/libc_nano.a(lib_a-exit.o)
__deregister_frame_info                           /usr/local/gcc-arm-none-eabi-5_2-2015q4/bin/../lib/gcc/arm-none-eabi/5.2.1/armv7e-m/fpu/crtbegin.o
__dso_handle                                      /usr/local/gcc-arm-none-eabi-5_2-2015q4/bin/../lib/gcc/arm-none-eabi/5.2.1/armv7e-m/fpu/crtbegin.o
__init_array_end                                  /usr/local/gcc-arm-none-eabi-5_2-2015q4/bin/../lib/gcc/arm-none-eabi/5.2.1/../../../../arm-none-eabi/lib/armv7e-m/fpu/libc_nano.a(lib_a-init.o)
__init_array_start                                /usr/local/gcc-arm-none-eabi-5_2-2015q4/bin/../lib/gcc/arm-none-eabi/5.2.1/../../../../arm-none-eabi/lib/armv7e-m/fpu/libc_nano.a(lib_a-init.o)
__libc_fini_array                                 /usr/local/gcc-arm-none-eabi-5_2-2015q4/bin/../lib/gcc/arm-none-eabi/5.2.1/../../../../arm-none-eabi/lib/armv7e-m/fpu/crt0.o
__libc_init_array                                 /usr/local/gcc-arm-none-eabi-5_2-2015q4/bin/../lib/gcc/arm-none-eabi/5.2.1/../../../../arm-none-eabi/lib/armv7e-m/fpu/libc_nano.a(lib_a-init.o)
                                                  build/startup_stm32f401xe.o
                                                  /usr/local/gcc-arm-none-eabi-5_2-2015q4/bin/../lib/gcc/arm-none-eabi/5.2.1/../../../../arm-none-eabi/lib/armv7e-m/fpu/crt0.o
__preinit_array_end                               /usr/local/gcc-arm-none-eabi-5_2-2015q4/bin/../lib/gcc/arm-none-eabi/5.2.1/../../../../arm-none-eabi/lib/armv7e-m/fpu/libc_nano.a(lib_a-init.o)
__preinit_array_start                             /usr/local/gcc-arm-none-eabi-5_2-2015q4/bin/../lib/gcc/arm-none-eabi/5.2.1/../../../../arm-none-eabi/lib/armv7e-m/fpu/libc_nano.a(lib_a-init.o)
__register_frame_info                             /usr/local/gcc-arm-none-eabi-5_2-2015q4/bin/../lib/gcc/arm-none-eabi/5.2.1/armv7e-m/fpu/crtbegin.o
__sf_fake_stderr                                  /usr/local/gcc-arm-none-eabi-5_2-2015q4/bin/../lib/gcc/arm-none-eabi/5.2.1/../../../../arm-none-eabi/lib/armv7e-m/fpu/libc_nano.a(lib_a-impure.o)
__sf_fake_stdin                                   /usr/local/gcc-arm-none-eabi-5_2-2015q4/bin/../lib/gcc/arm-none-eabi/5.2.1/../../../../arm-none-eabi/lib/armv7e-m/fpu/libc_nano.a(lib_a-impure.o)
__sf_fake_stdout                                  /usr/local/gcc-arm-none-eabi-5_2-2015q4/bin/../lib/gcc/arm-none-eabi/5.2.1/../../../../arm-none-eabi/lib/armv7e-m/fpu/libc_nano.a(lib_a-impure.o)
__stack                                           /usr/local/gcc-arm-none-eabi-5_2-2015q4/bin/../lib/gcc/arm-none-eabi/5.2.1/../../../../arm-none-eabi/lib/armv7e-m/fpu/crt0.o
_ebss                                             build/startup_stm32f401xe.o
_edata                                            build/startup_stm32f401xe.o
_estack                                           build/startup_stm32f401xe.o
_exit                                             /usr/local/gcc-arm-none-eabi-5_2-2015q4/bin/../lib/gcc/arm-none-eabi/5.2.1/../../../../arm-none-eabi/lib/armv7e-m/fpu/libnosys.a(_exit.o)
                                                  /usr/local/gcc-arm-none-eabi-5_2-2015q4/bin/../lib/gcc/arm-none-eabi/5.2.1/../../../../arm-none-eabi/lib/armv7e-m/fpu/libc_nano.a(lib_a-exit.o)
_fini                                             /usr/local/gcc-arm-none-eabi-5_2-2015q4/bin/../lib/gcc/arm-none-eabi/5.2.1/armv7e-m/fpu/crti.o
_global_impure_ptr                                /usr/local/gcc-arm-none-eabi-5_2-2015q4/bin/../lib/gcc/arm-none-eabi/5.2.1/../../../../arm-none-eabi/lib/armv7e-m/fpu/libc_nano.a(lib_a-impure.o)
                                                  /usr/local/gcc-arm-none-eabi-5_2-2015q4/bin/../lib/gcc/arm-none-eabi/5.2.1/../../../../arm-none-eabi/lib/armv7e-m/fpu/libc_nano.a(lib_a-exit.o)
_impure_ptr                                       /usr/local/gcc-arm-none-eabi-5_2-2015q4/bin/../lib/gcc/arm-none-eabi/5.2.1/../../../../arm-none-eabi/lib/armv7e-m/fpu/libc_nano.a(lib_a-impure.o)
_init                                             /usr/local/gcc-arm-none-eabi-5_2-2015q4/bin/../lib/gcc/arm-none-eabi/5.2.1/armv7e-m/fpu/crti.o
                                                  /usr/local/gcc-arm-none-eabi-5_2-2015q4/bin/../lib/gcc/arm-none-eabi/5.2.1/../../../../arm-none-eabi/lib/armv7e-m/fpu/libc_nano.a(lib_a-init.o)
_mainCRTStartup                                   /usr/local/gcc-arm-none-eabi-5_2-2015q4/bin/../lib/gcc/arm-none-eabi/5.2.1/../../../../arm-none-eabi/lib/armv7e-m/fpu/crt0.o
_sbss                                             build/startup_stm32f401xe.o
_sdata                                            build/startup_stm32f401xe.o
_sidata                                           build/startup_stm32f401xe.o
_start                                            /usr/local/gcc-arm-none-eabi-5_2-2015q4/bin/../lib/gcc/arm-none-eabi/5.2.1/../../../../arm-none-eabi/lib/armv7e-m/fpu/crt0.o
atexit                                            /usr/local/gcc-arm-none-eabi-5_2-2015q4/bin/../lib/gcc/arm-none-eabi/5.2.1/../../../../arm-none-eabi/lib/armv7e-m/fpu/crt0.o
exit                                              /usr/local/gcc-arm-none-eabi-5_2-2015q4/bin/../lib/gcc/arm-none-eabi/5.2.1/../../../../arm-none-eabi/lib/armv7e-m/fpu/libc_nano.a(lib_a-exit.o)
                                                  /usr/local/gcc-arm-none-eabi-5_2-2015q4/bin/../lib/gcc/arm-none-eabi/5.2.1/../../../../arm-none-eabi/lib/armv7e-m/fpu/crt0.o
g_pfnVectors                                      build/startup_stm32f401xe.o
hardware_init_hook                                /usr/local/gcc-arm-none-eabi-5_2-2015q4/bin/../lib/gcc/arm-none-eabi/5.2.1/../../../../arm-none-eabi/lib/armv7e-m/fpu/crt0.o
main                                              build/main.o
                                                  build/startup_stm32f401xe.o
                                                  /usr/local/gcc-arm-none-eabi-5_2-2015q4/bin/../lib/gcc/arm-none-eabi/5.2.1/../../../../arm-none-eabi/lib/armv7e-m/fpu/crt0.o
memset                                            /usr/local/gcc-arm-none-eabi-5_2-2015q4/bin/../lib/gcc/arm-none-eabi/5.2.1/../../../../arm-none-eabi/lib/armv7e-m/fpu/libc_nano.a(lib_a-memset.o)
                                                  /usr/local/gcc-arm-none-eabi-5_2-2015q4/bin/../lib/gcc/arm-none-eabi/5.2.1/../../../../arm-none-eabi/lib/armv7e-m/fpu/crt0.o
pFlash                                            build/stm32f4xx_hal_flash.o
                                                  build/stm32f4xx_hal_flash_ex.o
software_init_hook                                /usr/local/gcc-arm-none-eabi-5_2-2015q4/bin/../lib/gcc/arm-none-eabi/5.2.1/../../../../arm-none-eabi/lib/armv7e-m/fpu/crt0.o
uwTick                                            build/stm32f4xx_hal.o
